Изначальный интревал некорректный. Поэтому поиск корня будет вестись в диапозоне [0.000000, 1.000000]
Введите способ приваивания точности поиска корня: Сгенерированная точночть = 0.000745
x = 0.544224
Время выполнения программы без input/output = 0.000006 секунд(ы), а с input/output = 0.000135 секунд(ы)
