Изначальный интревал некорректный. Поэтому поиск корня будет вестись в диапозоне [0.000000, 1.000000]
Введите способ приваивания точности поиска корня: Неизвестная команда!
