Изначальный интревал некорректный. Поэтому поиск корня будет вестись в диапозоне [0.000000, 1.000000]
Введите способ приваивания точности поиска корня: Введите точность поиска корня: x = 0.544224
Время выполнения программы без input/output = 0.000013 секунд(ы), а с input/output = 0.000454 секунд(ы)
