Изначальный интревал некорректный. Поэтому поиск корня будет вестись в диапозоне [0.000000, 1.000000]
Указано недопустимое кол-во параметров! (консольных параметров либо не должно быть, либо должны указываться пути входного и выходного файлов)
