Изначальный интревал некорректный. Поэтому поиск корня будет вестись в диапозоне [0.000000, 1.000000]
Введите способ приваивания точности поиска корня: Введите точность поиска корня: Точность поиска корня должна быть <= 0.001 и >= 0.00000001
Время выполнения программы без input/output = 0.000015 секунд(ы), а с input/output = 0.000308 секунд(ы)
